// Jest Snapshot v1, https://goo.gl/fbAQLP

exports[`Rendering should render without crashing 1`] = `
<RCTScrollView
  data={
    [
      1,
      2,
      3,
      4,
      5,
      6,
      7,
      8,
      9,
      10,
    ]
  }
  keyboardShouldPersistTaps="handled"
  onScroll={[Function]}
  refreshControl={
    <RefreshControlMock
      onRefresh={[Function]}
      refreshing={false}
    />
  }
  removeClippedSubviews={false}
  renderItem={[Function]}
  scrollEventThrottle={16}
  style={
    [
      {
        "alignSelf": "stretch",
        "flex": 1,
      },
      undefined,
    ]
  }
>
  <RCTRefreshControl />
  <View>
    <View />
    <View
      style={
        [
          {
            "flex": 1,
            "flexDirection": "row",
          },
          undefined,
        ]
      }
    >
      <View
        style={
          {
            "flex": 0.5,
            "flexDirection": "column",
          }
        }
      >
        <View>
          <View />
        </View>
        <View>
          <View />
        </View>
        <View>
          <View />
        </View>
        <View>
          <View />
        </View>
        <View>
          <View />
        </View>
      </View>
      <View
        style={
          {
            "flex": 0.5,
            "flexDirection": "column",
          }
        }
      >
        <View>
          <View />
        </View>
        <View>
          <View />
        </View>
        <View>
          <View />
        </View>
        <View>
          <View />
        </View>
        <View>
          <View />
        </View>
      </View>
    </View>
  </View>
</RCTScrollView>
`;
